// Jest Snapshot v1, https://goo.gl/fbAQLP

exports[`Message when loaded renders correctly 1`] = `
<div
  class="message error"
>
  <div
    class="message__icon"
  >
    <img
      alt="error-icon"
      src="@/assets/icons/error.svg"
    />
  </div>
   
  <div
    class="message__text"
  />
</div>
`;
